This file contains any messages produced by compilers while
running configure, to aid debugging if configure makes a mistake.

It was created by XML/Ada configure 18.0w, which was
generated by GNU Autoconf 2.69.  Invocation command line was

  $ configure 

## --------- ##
## Platform. ##
## --------- ##

hostname = MacBook
uname -m = x86_64
uname -r = 21.6.0
uname -s = Darwin
uname -v = Darwin Kernel Version 21.6.0: Mon Jun 24 00:56:10 PDT 2024; root:xnu-8020.240.18.709.2~1/RELEASE_X86_64

/usr/bin/uname -p = i386
/bin/uname -X     = unknown

/bin/arch              = unknown
/usr/bin/arch -k       = unknown
/usr/convex/getsysinfo = unknown
/usr/bin/hostinfo      = Mach kernel version:
	 Darwin Kernel Version 21.6.0: Mon Jun 24 00:56:10 PDT 2024; root:xnu-8020.240.18.709.2~1/RELEASE_X86_64
Kernel configured for up to 8 processors.
4 processors are physically available.
8 processors are logically available.
Processor type: x86_64h (Intel x86-64h Haswell)
Processors active: 0 1 2 3 4 5 6 7
Primary memory available: 16.00 gigabytes
Default processor set: 533 tasks, 2264 threads, 8 processors
Load average: 2.32, Mach factor: 5.67
/bin/machine           = unknown
/usr/bin/oslevel       = unknown
/bin/universe          = unknown

PATH: /Users/wayne/.config/alire/cache/dependencies/gprbuild_22.0.1_b1220e2b/bin
PATH: /Users/wayne/.config/alire/cache/dependencies/gnat_native_13.2.1_c21501ad/bin
PATH: /Users/wayne/alr/bin
PATH: /opt/gcc-13.1.0/bin
PATH: /Users/wayne/alr/bin
PATH: /opt/gcc-13.1.0/bin
PATH: /usr/bin
PATH: /bin
PATH: /usr/sbin
PATH: /sbin
PATH: /Applications/SlickEditPro2025.app/Contents/MacOS/
PATH: /usr/local/bin
PATH: /Users/wayne/bin
PATH: /usr/bin
PATH: /usr/local/bin
PATH: /Users/wayne/bin
PATH: /usr/bin


## ----------- ##
## Core tests. ##
## ----------- ##

configure:1742: checking build system type
configure:1756: result: x86_64-apple-darwin21.6.0
configure:1776: checking host system type
configure:1789: result: x86_64-apple-darwin21.6.0
configure:1809: checking target system type
configure:1822: result: x86_64-apple-darwin21.6.0
configure:1854: checking whether gnat can build shared libs
configure:1909: result: yes
configure:1954: checking for a BSD-compatible install
configure:2022: result: /usr/bin/install -c
configure:2033: checking whether ln -s works
configure:2037: result: yes
configure:2216: creating ./config.status

## ---------------------- ##
## Running config.status. ##
## ---------------------- ##

This file was extended by XML/Ada config.status 18.0w, which was
generated by GNU Autoconf 2.69.  Invocation command line was

  CONFIG_FILES    = 
  CONFIG_HEADERS  = 
  CONFIG_LINKS    = 
  CONFIG_COMMANDS = 
  $ ./config.status 

on MacBook

config.status:740: creating xmlada_shared.gpr
config.status:740: creating Makefile
config.status:740: creating tests/dom/default.gpr

## ---------------- ##
## Cache variables. ##
## ---------------- ##

ac_cv_build=x86_64-apple-darwin21.6.0
ac_cv_env_build_alias_set=
ac_cv_env_build_alias_value=
ac_cv_env_host_alias_set=
ac_cv_env_host_alias_value=
ac_cv_env_target_alias_set=
ac_cv_env_target_alias_value=
ac_cv_host=x86_64-apple-darwin21.6.0
ac_cv_path_install='/usr/bin/install -c'
ac_cv_target=x86_64-apple-darwin21.6.0

## ----------------- ##
## Output variables. ##
## ----------------- ##

BUILD_TYPE='Production'
CC=''
DEFAULT_LIBRARY_TYPE='static'
DEFS='-DPACKAGE_NAME=\"XML/Ada\" -DPACKAGE_TARNAME=\"xmlada\" -DPACKAGE_VERSION=\"18.0w\" -DPACKAGE_STRING=\"XML/Ada\ 18.0w\" -DPACKAGE_BUGREPORT=\"report@adacore.com\" -DPACKAGE_URL=\"\"'
ECHO_C='\c'
ECHO_N=''
ECHO_T=''
GNAT_BUILDS_SHARED='yes'
INSTALL_DATA='${INSTALL} -m 644'
INSTALL_PROGRAM='${INSTALL}'
INSTALL_SCRIPT='${INSTALL}'
LIB='lib'
LIBOBJS=''
LIBS=''
LN_S='ln -s'
LTLIBOBJS=''
MKDIR='mkdir -p'
PACKAGE_BUGREPORT='report@adacore.com'
PACKAGE_NAME='XML/Ada'
PACKAGE_STRING='XML/Ada 18.0w'
PACKAGE_TARNAME='xmlada'
PACKAGE_URL=''
PACKAGE_VERSION='18.0w'
PATH_SEPARATOR=':'
SHELL='/bin/sh'
SO_EXT='.dylib'
bindir='${exec_prefix}/bin'
build='x86_64-apple-darwin21.6.0'
build_alias=''
build_cpu='x86_64'
build_os='darwin21.6.0'
build_vendor='apple'
datadir='${datarootdir}'
datarootdir='${prefix}/share'
docdir='${datarootdir}/doc/${PACKAGE_TARNAME}'
dvidir='${docdir}'
exec_prefix='${prefix}'
gprbuild='gprbuild'
gprinstall='gprinstall'
host='x86_64-apple-darwin21.6.0'
host_alias=''
host_cpu='x86_64'
host_os='darwin21.6.0'
host_vendor='apple'
htmldir='${docdir}'
includedir='${prefix}/include'
infodir='${datarootdir}/info'
libdir='${exec_prefix}/lib'
libexecdir='${exec_prefix}/libexec'
localedir='${datarootdir}/locale'
localstatedir='${prefix}/var'
mandir='${datarootdir}/man'
oldincludedir='/usr/include'
pdfdir='${docdir}'
prefix='/usr/local'
program_transform_name='s,x,x,'
psdir='${docdir}'
sbindir='${exec_prefix}/sbin'
sharedstatedir='${prefix}/com'
sysconfdir='${prefix}/etc'
target='x86_64-apple-darwin21.6.0'
target_alias=''
target_cpu='x86_64'
target_os='darwin21.6.0'
target_vendor='apple'

## ----------- ##
## confdefs.h. ##
## ----------- ##

/* confdefs.h */
#define PACKAGE_NAME "XML/Ada"
#define PACKAGE_TARNAME "xmlada"
#define PACKAGE_VERSION "18.0w"
#define PACKAGE_STRING "XML/Ada 18.0w"
#define PACKAGE_BUGREPORT "report@adacore.com"
#define PACKAGE_URL ""

configure: exit 0
